
Running 2 tests using 1 worker

  x  1 tests\api\elena-tips.spec.ts:4:7 ÔÇ║ Elena Tips API Error Decoration (ATDD) ÔÇ║ [P0] should decorate 403 BudgetExceeded with elena_tip (384ms)
  x  2 tests\api\elena-tips.spec.ts:28:7 ÔÇ║ Elena Tips API Error Decoration (ATDD) ÔÇ║ [P1] should decorate 401 Unauthorized with session-refresh advice (504ms)


  1) tests\api\elena-tips.spec.ts:4:7 ÔÇ║ Elena Tips API Error Decoration (ATDD) ÔÇ║ [P0] should decorate 403 BudgetExceeded with elena_tip 

    Error: apiRequestContext.get: connect ECONNREFUSED ::1:3001
    Call log:
    [2m  - ÔåÆ GET http://localhost:3001/v1/project-id/dataset-id/Entities[22m
    [2m    - user-agent: Playwright/1.59.1 (x64; windows 10.0) node/24.14[22m
    [2m    - accept: */*[22m
    [2m    - accept-encoding: gzip,deflate,br[22m
    [2m    - Authorization: Bearer valid-token[22m
    [2m    - x-mock-error: BudgetExceeded[22m

        at apiRequestContext.get: connect ECONNREFUSED ::1:3001
        at C:\github-projects\odata-gateway-bq\frontend\tests\api\elena-tips.spec.ts:6:36

    Error Context: test-results\elena-tips-Elena-Tips-API--d74e9-dgetExceeded-with-elena-tip\error-context.md

  2) tests\api\elena-tips.spec.ts:28:7 ÔÇ║ Elena Tips API Error Decoration (ATDD) ÔÇ║ [P1] should decorate 401 Unauthorized with session-refresh advice 

    Error: apiRequestContext.get: connect ECONNREFUSED ::1:3001
    Call log:
    [2m  - ÔåÆ GET http://localhost:3001/v1/project-id/dataset-id/Entities[22m
    [2m    - user-agent: Playwright/1.59.1 (x64; windows 10.0) node/24.14[22m
    [2m    - accept: */*[22m
    [2m    - accept-encoding: gzip,deflate,br[22m
    [2m    - Authorization: Bearer expired-token[22m

        at apiRequestContext.get: connect ECONNREFUSED ::1:3001
        at C:\github-projects\odata-gateway-bq\frontend\tests\api\elena-tips.spec.ts:30:36

    Error Context: test-results\elena-tips-Elena-Tips-API--2901c-with-session-refresh-advice\error-context.md

  2 failed
    tests\api\elena-tips.spec.ts:4:7 ÔÇ║ Elena Tips API Error Decoration (ATDD) ÔÇ║ [P0] should decorate 403 BudgetExceeded with elena_tip 
    tests\api\elena-tips.spec.ts:28:7 ÔÇ║ Elena Tips API Error Decoration (ATDD) ÔÇ║ [P1] should decorate 401 Unauthorized with session-refresh advice 
